Created a log File for myapp
